2026-10-08T12:22:36Z INF Thank you for trying Cloudflare Tunnel. Doing so, without a Cloudflare account, is a quick way to experiment and try it out. However, be aware that these account-less Tunnels have no uptime guarantee, are subject to the Cloudflare Online Services Terms of Use (https://www.cloudflare.com/website-terms/), and Cloudflare reserves the right to investigate your use of Tunnels for violations of such terms. If you intend to use Tunnels in production you should use a pre-created named tunnel by following: https://developers.cloudflare.com/cloudflare-one/connections/connect-apps
2026-10-08T12:22:36Z INF Requesting new quick Tunnel on trycloudflare.com...
2026-10-08T12:22:39Z INF +--------------------------------------------------------------------------------------------+
2026-10-08T12:22:39Z INF |  Your quick Tunnel has been created! Visit it at (it may take some time to be reachable):  |
2026-10-08T12:22:39Z INF |  https://lotus-comfortable-quebec-opens.trycloudflare.com                                  |
2026-10-08T12:22:39Z INF +--------------------------------------------------------------------------------------------+
2026-10-08T12:22:39Z INF Cannot determine default configuration path. No file [config.yml config.yaml] in [~/.cloudflared ~/.cloudflare-warp ~/cloudflare-warp]
2026-10-08T12:22:39Z INF Version 2026.10.0 (Checksum 86aee4017b26625cee8484c113558f48effa4cd47f7aa05fcf425604e5d2b23c)
2026-10-08T12:22:39Z INF GOOS: windows, GOVersion: go1.26.8, GoArch: amd64
2026-10-08T12:22:39Z INF Settings: map[ha-connections:1 protocol:quic url:http://127.0.0.1:3000]
2026-10-08T12:22:39Z INF cloudflared will not automatically update on Windows systems.
2026-10-08T12:22:39Z INF Generated Connector ID: 72a3a0f4-a1c4-4578-b654-dab6ac919747
2026-10-08T12:22:39Z INF Initial protocol quic
2026-10-08T12:22:39Z INF ICMP proxy will use 192.168.10.106 as source for IPv4
2026-10-08T12:22:40Z INF ICMP proxy will use fe80::5af5:930c:56ea:4458 in zone Wi-Fi as source for IPv6
2026-10-08T12:22:40Z INF cloudflared does not support loading the system root certificate pool on Windows. Please use --origin-ca-pool <PATH> to specify the path to the certificate pool
2026-10-08T12:22:40Z INF ICMP proxy will use 192.168.10.106 as source for IPv4
2026-10-08T12:22:40Z INF Tunnel connection curve preferences: [X25519MLKEM768 CurveID(65074) CurveP256] connIndex=0 event=0 ip=198.41.200.33
2026-10-08T12:22:40Z INF ICMP proxy will use fe80::5af5:930c:56ea:4458 in zone Wi-Fi as source for IPv6
2026-10-08T12:22:40Z INF Starting metrics server on 127.0.0.1:20241/metrics
2026-10-08T12:22:40Z INF +-------------------------------------------------------------------------------------+
2026-10-08T12:22:40Z INF |                               CONNECTIVITY PRE-CHECKS                               |
2026-10-08T12:22:40Z INF +-------------------------------------------------------------------------------------+
2026-10-08T12:22:40Z INF |  COMPONENT         TARGET                     STATUS  DETAILS                       |
2026-10-08T12:22:40Z INF |  DNS Resolution    region1.v2.argotunnel.com  PASS    DNS Resolved successfully     |
2026-10-08T12:22:40Z INF |  DNS Resolution    region2.v2.argotunnel.com  PASS    DNS Resolved successfully     |
2026-10-08T12:22:40Z INF |  UDP Connectivity  region1.v2.argotunnel.com  PASS    QUIC connection successful    |
2026-10-08T12:22:40Z INF |  UDP Connectivity  region2.v2.argotunnel.com  PASS    QUIC connection successful    |
2026-10-08T12:22:40Z INF |  TCP Connectivity  region1.v2.argotunnel.com  PASS    HTTP/2 connection successful  |
2026-10-08T12:22:40Z INF |  TCP Connectivity  region2.v2.argotunnel.com  PASS    HTTP/2 connection successful  |
2026-10-08T12:22:40Z INF |  Cloudflare API    api.cloudflare.com:443     PASS    API is reachable              |
2026-10-08T12:22:40Z INF |                                                                                     |
2026-10-08T12:22:40Z INF |  SUMMARY: Environment is healthy. cloudflared will use 'quic' as primary protocol.  |
2026-10-08T12:22:40Z INF +-------------------------------------------------------------------------------------+
2026-10-08T12:22:40Z INF precheck component="DNS Resolution" details="DNS Resolved successfully" run_id=c59a8e7a-3081-45cb-805d-569f1999e04c status=pass target=region1.v2.argotunnel.com
2026-10-08T12:22:40Z INF precheck component="DNS Resolution" details="DNS Resolved successfully" run_id=c59a8e7a-3081-45cb-805d-569f1999e04c status=pass target=region2.v2.argotunnel.com
2026-10-08T12:22:40Z INF precheck component="UDP Connectivity" details="QUIC connection successful" run_id=c59a8e7a-3081-45cb-805d-569f1999e04c status=pass target=region1.v2.argotunnel.com
2026-10-08T12:22:40Z INF precheck component="UDP Connectivity" details="QUIC connection successful" run_id=c59a8e7a-3081-45cb-805d-569f1999e04c status=pass target=region2.v2.argotunnel.com
2026-10-08T12:22:40Z INF precheck component="TCP Connectivity" details="HTTP/2 connection successful" run_id=c59a8e7a-3081-45cb-805d-569f1999e04c status=pass target=region1.v2.argotunnel.com
2026-10-08T12:22:40Z INF precheck component="TCP Connectivity" details="HTTP/2 connection successful" run_id=c59a8e7a-3081-45cb-805d-569f1999e04c status=pass target=region2.v2.argotunnel.com
2026-10-08T12:22:40Z INF precheck component="Cloudflare API" details="API is reachable" run_id=c59a8e7a-3081-45cb-805d-569f1999e04c status=pass target=api.cloudflare.com:443
2026-10-08T12:22:40Z INF precheck complete hard_fail=false run_id=c59a8e7a-3081-45cb-805d-569f1999e04c suggested_protocol=quic
2026-10-08T12:22:40Z INF Registered tunnel connection connIndex=0 connection=dbdb8031-cd99-42f3-9389-cbf8f16157b1 event=0 ip=198.41.200.33 location=sin22 protocol=quic
2026-10-08T13:19:47Z INF Initiating graceful shutdown due to signal terminated ...
2026-10-08T13:19:47Z INF Retrying connection in up to 2s connIndex=0 event=0 ip=198.41.200.33
2026-10-08T13:19:47Z ERR Connection terminated connIndex=0
2026-10-08T13:19:47Z ERR no more connections active and exiting
2026-10-08T13:19:47Z INF Tunnel server stopped
2026-10-08T13:19:47Z INF Metrics server stopped
